
=== Sat Sep 17 11:06:48 2022

Packages were changed.
Update Mode: updateDependencies

The following packages were updated:
  com.unity.2d.animation from version 5.0.10 to 7.0.7
  com.unity.2d.pixel-perfect from version 4.0.1 to 5.0.1
  com.unity.2d.psdimporter from version 4.1.3 to 6.0.5
  com.unity.2d.spriteshape from version 5.1.7 to 7.0.6
  com.unity.collab-proxy from version 1.15.18 to 1.17.2
  com.unity.ide.rider from version 2.0.7 to 3.0.15
  com.unity.ide.visualstudio from version 2.0.15 to 2.0.16
  com.unity.timeline from version 1.4.8 to 1.6.4

=== Thu Dec  8 16:01:47 2022

Packages were changed.
Update Mode: updateDependencies

The following packages were updated:
  com.unity.2d.animation from version 7.0.7 to 7.0.9
  com.unity.2d.pixel-perfect from version 5.0.1 to 5.0.3
  com.unity.2d.psdimporter from version 6.0.5 to 6.0.6
  com.unity.collab-proxy from version 1.17.2 to 1.17.7
  com.unity.ide.rider from version 3.0.15 to 3.0.16
